<?xml version="1.0" encoding="UTF-8"?>
<dataset>
   <user id="105" uuid="2e3953c3-c7f0-47ee-a86e-581aaffdb597" login="sweetie" full_name="Barney Stinson" birth_date="1976-02-01" />
   <user id="106" uuid="e9c2f78c-564a-488f-957a-1866f8263b32" login="robin_bobin" full_name="Robin Scherbatsky" birth_date="1980-08-29" />

</dataset>